======================================================================
FAIL: test_finite_sparse_turn_retains_interpolated_anchor_distance (test_data_collection_gate.GateTimingTest.test_finite_sparse_turn_retains_interpolated_anchor_distance) (duration=2.0, speed=0.19)
----------------------------------------------------------------------
Traceback (most recent call last):
  File "/mnt/chengchangxu/projects/vnav_data_preview/test_data_collection_gate.py", line 633, in test_finite_sparse_turn_retains_interpolated_anchor_distance
    self.assertEqual(gate.start_collection(cache, 0.01), (True, 0.01))
AssertionError: Tuples differ: (True, 0.0) != (True, 0.01)

First differing element 1:
0.0
0.01

- (True, 0.0)
+ (True, 0.01)
?           +


======================================================================
FAIL: test_finite_sparse_turn_retains_interpolated_anchor_distance (test_data_collection_gate.GateTimingTest.test_finite_sparse_turn_retains_interpolated_anchor_distance) (duration=2.0, speed=0.2)
----------------------------------------------------------------------
Traceback (most recent call last):
  File "/mnt/chengchangxu/projects/vnav_data_preview/test_data_collection_gate.py", line 633, in test_finite_sparse_turn_retains_interpolated_anchor_distance
    self.assertEqual(gate.start_collection(cache, 0.01), (True, 0.01))
AssertionError: Tuples differ: (True, 0.0) != (True, 0.01)

First differing element 1:
0.0
0.01

- (True, 0.0)
+ (True, 0.01)
?           +


======================================================================
FAIL: test_finite_sparse_turn_retains_interpolated_anchor_distance (test_data_collection_gate.GateTimingTest.test_finite_sparse_turn_retains_interpolated_anchor_distance) (duration=3.0, speed=0.115)
----------------------------------------------------------------------
Traceback (most recent call last):
  File "/mnt/chengchangxu/projects/vnav_data_preview/test_data_collection_gate.py", line 633, in test_finite_sparse_turn_retains_interpolated_anchor_distance
    self.assertEqual(gate.start_collection(cache, 0.01), (True, 0.01))
AssertionError: Tuples differ: (True, 0.0) != (True, 0.01)

First differing element 1:
0.0
0.01

- (True, 0.0)
+ (True, 0.01)
?           +


======================================================================
FAIL: test_finite_sparse_turn_retains_interpolated_anchor_distance (test_data_collection_gate.GateTimingTest.test_finite_sparse_turn_retains_interpolated_anchor_distance) (duration=3.0, speed=0.12)
----------------------------------------------------------------------
Traceback (most recent call last):
  File "/mnt/chengchangxu/projects/vnav_data_preview/test_data_collection_gate.py", line 633, in test_finite_sparse_turn_retains_interpolated_anchor_distance
    self.assertEqual(gate.start_collection(cache, 0.01), (True, 0.01))
AssertionError: Tuples differ: (True, 0.0) != (True, 0.01)

First differing element 1:
0.0
0.01

- (True, 0.0)
+ (True, 0.01)
?           +


======================================================================
FAIL: test_natural_and_timeout_ends_publish_final_window (test_data_collection_gate.GateTimingTest.test_natural_and_timeout_ends_publish_final_window)
----------------------------------------------------------------------
Traceback (most recent call last):
  File "/mnt/chengchangxu/projects/vnav_data_preview/test_data_collection_gate.py", line 742, in test_natural_and_timeout_ends_publish_final_window
    self.assertEqual(turn.end_collection([], 60.0), (True, 47.0))
AssertionError: Tuples differ: (True, 45.0) != (True, 47.0)

First differing element 1:
45.0
47.0

- (True, 45.0)
?         ^

+ (True, 47.0)
?         ^


======================================================================
FAIL: test_short_hard_stop_ends_both_gates_and_publishes_discard (test_data_collection_gate.GateTimingTest.test_short_hard_stop_ends_both_gates_and_publishes_discard) (kind='turn', duration=3.999)
----------------------------------------------------------------------
Traceback (most recent call last):
  File "/mnt/chengchangxu/projects/vnav_data_preview/test_data_collection_gate.py", line 720, in test_short_hard_stop_ends_both_gates_and_publishes_discard
    self.assertEqual(gate.start_collection(samples, start), (True, start))
AssertionError: Tuples differ: (True, 0.0) != (True, 2.0)

First differing element 1:
0.0
2.0

- (True, 0.0)
?        ^

+ (True, 2.0)
?        ^


======================================================================
FAIL: test_short_hard_stop_ends_both_gates_and_publishes_discard (test_data_collection_gate.GateTimingTest.test_short_hard_stop_ends_both_gates_and_publishes_discard) (kind='turn', duration=4.0)
----------------------------------------------------------------------
Traceback (most recent call last):
  File "/mnt/chengchangxu/projects/vnav_data_preview/test_data_collection_gate.py", line 720, in test_short_hard_stop_ends_both_gates_and_publishes_discard
    self.assertEqual(gate.start_collection(samples, start), (True, start))
AssertionError: Tuples differ: (True, 0.0) != (True, 2.0)

First differing element 1:
0.0
2.0

- (True, 0.0)
?        ^

+ (True, 2.0)
?        ^


======================================================================
FAIL: test_short_stable_stop_is_discarded_even_before_observation_end (test_data_collection_gate.GateTimingTest.test_short_stable_stop_is_discarded_even_before_observation_end) (kind='turn')
----------------------------------------------------------------------
Traceback (most recent call last):
  File "/mnt/chengchangxu/projects/vnav_data_preview/test_data_collection_gate.py", line 760, in test_short_stable_stop_is_discarded_even_before_observation_end
    self.assertFalse(gate.last_completed_collection.should_save)
AssertionError: True is not false

======================================================================
FAIL: test_slow_turns_accumulate_distance_without_a_two_second_speed_cutoff (test_data_collection_gate.GateTimingTest.test_slow_turns_accumulate_distance_without_a_two_second_speed_cutoff) (speed=0.06, degrees=30.0)
----------------------------------------------------------------------
Traceback (most recent call last):
  File "/mnt/chengchangxu/projects/vnav_data_preview/test_data_collection_gate.py", line 580, in test_slow_turns_accumulate_distance_without_a_two_second_speed_cutoff
    self.assertEqual(gate.start_collection(cache, 2.0), (True, 2.0))
AssertionError: Tuples differ: (True, 0.0) != (True, 2.0)

First differing element 1:
0.0
2.0

- (True, 0.0)
?        ^

+ (True, 2.0)
?        ^


======================================================================
FAIL: test_slow_turns_accumulate_distance_without_a_two_second_speed_cutoff (test_data_collection_gate.GateTimingTest.test_slow_turns_accumulate_distance_without_a_two_second_speed_cutoff) (speed=0.1, degrees=30.0)
----------------------------------------------------------------------
Traceback (most recent call last):
  File "/mnt/chengchangxu/projects/vnav_data_preview/test_data_collection_gate.py", line 580, in test_slow_turns_accumulate_distance_without_a_two_second_speed_cutoff
    self.assertEqual(gate.start_collection(cache, 2.0), (True, 2.0))
AssertionError: Tuples differ: (True, 0.0) != (True, 2.0)

First differing element 1:
0.0
2.0

- (True, 0.0)
?        ^

+ (True, 2.0)
?        ^


======================================================================
FAIL: test_slow_turns_accumulate_distance_without_a_two_second_speed_cutoff (test_data_collection_gate.GateTimingTest.test_slow_turns_accumulate_distance_without_a_two_second_speed_cutoff) (speed=0.14, degrees=30.0)
----------------------------------------------------------------------
Traceback (most recent call last):
  File "/mnt/chengchangxu/projects/vnav_data_preview/test_data_collection_gate.py", line 580, in test_slow_turns_accumulate_distance_without_a_two_second_speed_cutoff
    self.assertEqual(gate.start_collection(cache, 2.0), (True, 2.0))
AssertionError: Tuples differ: (True, 0.0) != (True, 2.0)

First differing element 1:
0.0
2.0

- (True, 0.0)
?        ^

+ (True, 2.0)
?        ^


======================================================================
FAIL: test_slow_turns_accumulate_distance_without_a_two_second_speed_cutoff (test_data_collection_gate.GateTimingTest.test_slow_turns_accumulate_distance_without_a_two_second_speed_cutoff) (speed=0.08, degrees=170.0)
----------------------------------------------------------------------
Traceback (most recent call last):
  File "/mnt/chengchangxu/projects/vnav_data_preview/test_data_collection_gate.py", line 580, in test_slow_turns_accumulate_distance_without_a_two_second_speed_cutoff
    self.assertEqual(gate.start_collection(cache, 2.0), (True, 2.0))
AssertionError: Tuples differ: (True, 0.0) != (True, 2.0)

First differing element 1:
0.0
2.0

- (True, 0.0)
?        ^

+ (True, 2.0)
?        ^


======================================================================
FAIL: test_sparse_pose_phase_does_not_prevent_slow_curve_start (test_data_collection_gate.GateTimingTest.test_sparse_pose_phase_does_not_prevent_slow_curve_start) (timestamp=2.0)
----------------------------------------------------------------------
Traceback (most recent call last):
  File "/mnt/chengchangxu/projects/vnav_data_preview/test_data_collection_gate.py", line 588, in test_sparse_pose_phase_does_not_prevent_slow_curve_start
    self.assertEqual(gate.start_collection(cache, timestamp), (True, timestamp))
AssertionError: Tuples differ: (True, 0.0) != (True, 2.0)

First differing element 1:
0.0
2.0

- (True, 0.0)
?        ^

+ (True, 2.0)
?        ^


======================================================================
FAIL: test_sparse_pose_phase_does_not_prevent_slow_curve_start (test_data_collection_gate.GateTimingTest.test_sparse_pose_phase_does_not_prevent_slow_curve_start) (timestamp=2.01)
----------------------------------------------------------------------
Traceback (most recent call last):
  File "/mnt/chengchangxu/projects/vnav_data_preview/test_data_collection_gate.py", line 588, in test_sparse_pose_phase_does_not_prevent_slow_curve_start
    self.assertEqual(gate.start_collection(cache, timestamp), (True, timestamp))
AssertionError: Tuples differ: (True, 0.0) != (True, 2.01)

First differing element 1:
0.0
2.01

- (True, 0.0)
?        ^

+ (True, 2.01)
?        ^  +


======================================================================
FAIL: test_sparse_pose_phase_does_not_prevent_slow_curve_start (test_data_collection_gate.GateTimingTest.test_sparse_pose_phase_does_not_prevent_slow_curve_start) (timestamp=2.11)
----------------------------------------------------------------------
Traceback (most recent call last):
  File "/mnt/chengchangxu/projects/vnav_data_preview/test_data_collection_gate.py", line 588, in test_sparse_pose_phase_does_not_prevent_slow_curve_start
    self.assertEqual(gate.start_collection(cache, timestamp), (True, timestamp))
AssertionError: Tuples differ: (True, 0.0) != (True, 2.11)

First differing element 1:
0.0
2.11

- (True, 0.0)
?        ^ ^

+ (True, 2.11)
?        ^ ^^


======================================================================
FAIL: test_sparse_pose_phase_does_not_prevent_slow_curve_start (test_data_collection_gate.GateTimingTest.test_sparse_pose_phase_does_not_prevent_slow_curve_start) (timestamp=2.31)
----------------------------------------------------------------------
Traceback (most recent call last):
  File "/mnt/chengchangxu/projects/vnav_data_preview/test_data_collection_gate.py", line 588, in test_sparse_pose_phase_does_not_prevent_slow_curve_start
    self.assertEqual(gate.start_collection(cache, timestamp), (True, timestamp))
AssertionError: Tuples differ: (True, 0.0) != (True, 2.31)

First differing element 1:
0.0
2.31

- (True, 0.0)
?        ^ ^

+ (True, 2.31)
?        ^ ^^


======================================================================
FAIL: test_sparse_pose_phase_does_not_prevent_slow_curve_start (test_data_collection_gate.GateTimingTest.test_sparse_pose_phase_does_not_prevent_slow_curve_start) (timestamp=2.49)
----------------------------------------------------------------------
Traceback (most recent call last):
  File "/mnt/chengchangxu/projects/vnav_data_preview/test_data_collection_gate.py", line 588, in test_sparse_pose_phase_does_not_prevent_slow_curve_start
    self.assertEqual(gate.start_collection(cache, timestamp), (True, timestamp))
AssertionError: Tuples differ: (True, 0.0) != (True, 2.49)

First differing element 1:
0.0
2.49

- (True, 0.0)
?        ^ ^

+ (True, 2.49)
?        ^ ^^


======================================================================
FAIL: test_end_waits_for_sustained_normal_straight_recovery (test_data_collection_gate.TurnGateTest.test_end_waits_for_sustained_normal_straight_recovery)
----------------------------------------------------------------------
Traceback (most recent call last):
  File "/mnt/chengchangxu/projects/vnav_data_preview/test_data_collection_gate.py", line 160, in test_end_waits_for_sustained_normal_straight_recovery
    self.assertEqual(gate.start_collection(samples, 2.0), (True, 2.0))
AssertionError: Tuples differ: (True, 0.0) != (True, 2.0)

First differing element 1:
0.0
2.0

- (True, 0.0)
?        ^

+ (True, 2.0)
?        ^


======================================================================
FAIL: test_future_one_metre_curve_starts_collection (test_data_collection_gate.TurnGateTest.test_future_one_metre_curve_starts_collection)
----------------------------------------------------------------------
Traceback (most recent call last):
  File "/mnt/chengchangxu/projects/vnav_data_preview/test_data_collection_gate.py", line 103, in test_future_one_metre_curve_starts_collection
    self.assertEqual(gate.start_collection(samples, 2.0), (True, 2.0))
AssertionError: Tuples differ: (True, 0.0) != (True, 2.0)

First differing element 1:
0.0
2.0

- (True, 0.0)
?        ^

+ (True, 2.0)
?        ^


======================================================================
FAIL: test_insufficient_future_never_ends_collection (test_data_collection_gate.TurnGateTest.test_insufficient_future_never_ends_collection)
----------------------------------------------------------------------
Traceback (most recent call last):
  File "/mnt/chengchangxu/projects/vnav_data_preview/test_data_collection_gate.py", line 181, in test_insufficient_future_never_ends_collection
    self.assertEqual(
AssertionError: Tuples differ: (True, 0.0) != (True, 2.0)

First differing element 1:
0.0
2.0

- (True, 0.0)
?        ^

+ (True, 2.0)
?        ^


======================================================================
FAIL: test_pose_jump_is_a_hard_stop_for_turn_collection (test_data_collection_gate.TurnGateTest.test_pose_jump_is_a_hard_stop_for_turn_collection)
----------------------------------------------------------------------
Traceback (most recent call last):
  File "/mnt/chengchangxu/projects/vnav_data_preview/test_data_collection_gate.py", line 246, in test_pose_jump_is_a_hard_stop_for_turn_collection
    self.assertEqual(gate.start_collection(samples, 2.0), (True, 2.0))
AssertionError: Tuples differ: (True, 0.0) != (True, 2.0)

First differing element 1:
0.0
2.0

- (True, 0.0)
?        ^

+ (True, 2.0)
?        ^


======================================================================
FAIL: test_renewed_turn_resets_pending_straight_recovery (test_data_collection_gate.TurnGateTest.test_renewed_turn_resets_pending_straight_recovery)
----------------------------------------------------------------------
Traceback (most recent call last):
  File "/mnt/chengchangxu/projects/vnav_data_preview/test_data_collection_gate.py", line 260, in test_renewed_turn_resets_pending_straight_recovery
    self.assertEqual(gate.start_collection(samples, 2.0), (True, 2.0))
AssertionError: Tuples differ: (True, 0.0) != (True, 2.0)

First differing element 1:
0.0
2.0

- (True, 0.0)
?        ^

+ (True, 2.0)
?        ^


======================================================================
FAIL: test_short_stationary_pause_does_not_end_collection (test_data_collection_gate.TurnGateTest.test_short_stationary_pause_does_not_end_collection)
----------------------------------------------------------------------
Traceback (most recent call last):
  File "/mnt/chengchangxu/projects/vnav_data_preview/test_data_collection_gate.py", line 217, in test_short_stationary_pause_does_not_end_collection
    self.assertEqual(gate.start_collection(samples, 2.0), (True, 2.0))
AssertionError: Tuples differ: (True, 0.0) != (True, 2.0)

First differing element 1:
0.0
2.0

- (True, 0.0)
?        ^

+ (True, 2.0)
?        ^


======================================================================
FAIL: test_sparse_stream_call_returns_historical_action_node (test_data_collection_gate.TurnGateTest.test_sparse_stream_call_returns_historical_action_node)
----------------------------------------------------------------------
Traceback (most recent call last):
  File "/mnt/chengchangxu/projects/vnav_data_preview/test_data_collection_gate.py", line 288, in test_sparse_stream_call_returns_historical_action_node
    self.assertEqual(gate.start_collection(samples, 2.0), (True, 2.0))
AssertionError: Tuples differ: (True, 0.0) != (True, 2.0)

First differing element 1:
0.0
2.0

- (True, 0.0)
?        ^

+ (True, 2.0)
?        ^


======================================================================
FAIL: test_spin_uses_unwrapped_yaw_and_low_translation (test_data_collection_gate.TurnGateTest.test_spin_uses_unwrapped_yaw_and_low_translation)
----------------------------------------------------------------------
Traceback (most recent call last):
  File "/mnt/chengchangxu/projects/vnav_data_preview/test_data_collection_gate.py", line 132, in test_spin_uses_unwrapped_yaw_and_low_translation
    self.assertEqual(gate.start_collection(samples, 2.0), (True, 2.0))
AssertionError: Tuples differ: (True, 0.0) != (True, 2.0)

First differing element 1:
0.0
2.0

- (True, 0.0)
?        ^

+ (True, 2.0)
?        ^


======================================================================
FAIL: test_stable_stop_after_turn_ends_collection (test_data_collection_gate.TurnGateTest.test_stable_stop_after_turn_ends_collection)
----------------------------------------------------------------------
Traceback (most recent call last):
  File "/mnt/chengchangxu/projects/vnav_data_preview/test_data_collection_gate.py", line 196, in test_stable_stop_after_turn_ends_collection
    self.assertEqual(gate.start_collection(samples, 2.0), (True, 2.0))
AssertionError: Tuples differ: (True, 0.0) != (True, 2.0)

First differing element 1:
0.0
2.0

- (True, 0.0)
?        ^

+ (True, 2.0)
?        ^


======================================================================
FAIL: test_turn_collection_has_exact_default_maximum_interval (test_data_collection_gate.TurnGateTest.test_turn_collection_has_exact_default_maximum_interval)
----------------------------------------------------------------------
Traceback (most recent call last):
  File "/mnt/chengchangxu/projects/vnav_data_preview/test_data_collection_gate.py", line 230, in test_turn_collection_has_exact_default_maximum_interval
    self.assertEqual(gate.start_collection(initial_cache, 2.0), (True, 2.0))
AssertionError: Tuples differ: (True, 0.0) != (True, 2.0)

First differing element 1:
0.0
2.0

- (True, 0.0)
?        ^

+ (True, 2.0)
?        ^


----------------------------------------------------------------------
Ran 56 tests in 6.806s

FAILED (failures=27)
