PASS 20s_arc_30deg_per_m_at_0.06mps 20.000/20.000s [[0.0, 22.50000000000005]]
PASS 20s_arc_30deg_per_m_at_0.1mps 20.000/20.000s [[0.0, 22.700000000000053]]
PASS 20s_arc_30deg_per_m_at_0.14mps 20.000/20.000s [[0.0, 22.800000000000054]]
PASS 20s_arc_30deg_per_m_at_0.15mps 20.000/20.000s [[0.0, 22.800000000000054]]
PASS 20s_arc_30deg_per_m_at_0.16mps 20.000/20.000s [[0.0, 22.900000000000055]]
PASS 20s_arc_30deg_per_m_at_0.2mps 20.000/20.000s [[0.0, 22.900000000000055]]
PASS 20s_arc_30deg_per_m_at_0.4mps 20.000/20.000s [[0.0, 23.000000000000057]]
PASS 20s_tight_arc_170deg_per_m_at_0.08mps 20.000/20.000s [[0.0, 22.800000000000054]]
PASS stop_go_0.5s_move_1.5s_pause 5.000/5.000s [[0.0, 21.500000000000036]]
PASS 4s_slow_turn_after_3s_stop 4.000/4.000s [[0.0, 9.699999999999982]]
PASS short_true_arc_0.08mps_before_hard_stop 6.000/6.000s [[0.0, 12.299999999999972]]
PASS short_true_arc_0.1mps_before_hard_stop 6.000/6.000s [[0.0, 12.299999999999972]]
PASS 2Hz_0.20mps_arc_with_0.01s_probe_offset 20.000/20.000s [[0.0, 23.0]]
PASS finite_2Hz_2.0s_0.19mps_arc 2.000/2.000s [[0.0, 5.0]]
PASS finite_2Hz_2.0s_0.2mps_arc 2.000/2.000s [[0.0, 5.0]]
PASS finite_2Hz_3.0s_0.115mps_arc 3.000/3.000s [[0.0, 6.0]]
PASS finite_2Hz_3.0s_0.12mps_arc 3.000/3.000s [[0.0, 6.0]]
PASS straight_only 0.000/0.000s []
PASS stationary_millimetre_drift 0.000/0.000s []
PASS moving_centimetre_wobble 0.000/0.000s []
PASS S_turn_zero_net_yaw 6.000/6.000s [[0.9999999999999982, 14.999999999999977]]
PASS parked_context_before_turn 3.000/3.000s [[5.9999999999999805, 16.99999999999997]]
PASS long_turn_split_at_45s 110.000/110.000s [[0.9999999999999982, 118.99999999999774]]
PASS 20deg_spin_over_2.0s 2.000/2.000s [[1.0, 9.700000000000001]]
PASS 20deg_spin_over_10.0s 10.000/10.000s [[2.0, 16.5]]
PASS straight_forward_then_reverse 0.000/0.000s []
PASS pose_jump_not_turn 0.000/0.000s []
27/27 passed
